
> live-site-compliance-monitor@2.0.0 test
> node --experimental-vm-modules node_modules/jest/bin/jest.js --passWithNoTests

  console.log
    [dotenv@17.2.3] injecting env (0) from .env -- tip: ΓÜÖ∩╕Å  load multiple .env files with { path: ['.env.local', '.env'] }

      at _log (node_modules/dotenv/lib/main.js:142:11)

  console.log
    [dotenv@17.2.3] injecting env (0) from .env -- tip: ≡ƒöÉ encrypt with Dotenvx: https://dotenvx.com

      at _log (node_modules/dotenv/lib/main.js:142:11)

  console.log
    [dotenv@17.2.3] injecting env (0) from .env -- tip: ΓÜÖ∩╕Å  specify custom .env file path with { path: '/custom/path/.env' }

      at _log (node_modules/dotenv/lib/main.js:142:11)

  console.log
    [dotenv@17.2.3] injecting env (0) from .env -- tip: ΓÜÖ∩╕Å  enable debug logging with { debug: true }

      at _log (node_modules/dotenv/lib/main.js:142:11)

  console.log
    [dotenv@17.2.3] injecting env (0) from .env -- tip: ΓÜÖ∩╕Å  specify custom .env file path with { path: '/custom/path/.env' }

      at _log (node_modules/dotenv/lib/main.js:142:11)

  console.log
    [dotenv@17.2.3] injecting env (0) from .env -- tip: ≡ƒöä add secrets lifecycle management: https://dotenvx.com/ops

      at _log (node_modules/dotenv/lib/main.js:142:11)

  console.log
    [dotenv@17.2.3] injecting env (0) from .env -- tip: ΓÜÖ∩╕Å  write to custom object with { processEnv: myObject }

      at _log (node_modules/dotenv/lib/main.js:142:11)

2026-01-16 14:45:08 [[31merror[39m] [31m≡ƒÜ¿ DETECTED LEAKED SECRET [AWS Access Key] in https://example.com/app.js[39m
2026-01-16 14:45:09 [[31merror[39m] [31m≡ƒÜ¿ DETECTED LEAKED SECRET [AWS Access Key] in https://example.com/app.js[39m
2026-01-16 14:45:09 [[31merror[39m] [31m≡ƒÜ¿ DETECTED LEAKED SECRET [GitHub Token] in https://example.com/app.js[39m
2026-01-16 14:45:09 [[31merror[39m] [31m≡ƒÜ¿ DETECTED LEAKED SECRET [Stripe Live Secret Key] in https://example.com/app.js[39m
2026-01-16 14:45:09 [[31merror[39m] [31m≡ƒÜ¿ DETECTED LEAKED SECRET [Stripe Test Secret Key] in https://example.com/app.js[39m
2026-01-16 14:45:09 [[31merror[39m] [31m≡ƒÜ¿ DETECTED LEAKED SECRET [Google API Key] in https://example.com/app.js[39m
2026-01-16 14:45:09 [[31merror[39m] [31m≡ƒÜ¿ DETECTED LEAKED SECRET [Generic Secret Assignment] in https://example.com/app.js[39m
2026-01-16 14:45:09 [[31merror[39m] [31m≡ƒÜ¿ DETECTED LEAKED SECRET [Database Connection String] in https://example.com/app.js[39m
2026-01-16 14:45:09 [[31merror[39m] [31m≡ƒÜ¿ DETECTED LEAKED SECRET [Slack Token] in https://example.com/app.js[39m
2026-01-16 14:45:09 [[31merror[39m] [31m≡ƒÜ¿ DETECTED LEAKED SECRET [SendGrid API Key] in https://example.com/app.js[39m
node.exe : (node:18820) ExperimentalWarning: VM Modules is an experimental feature and might change at any time
At line:1 char:1
+ & "C:\Program Files\nodejs/node.exe" "C:\Program Files\nodejs/node_mo ...
+ ~~~~~~~~~~~~~~~~~~~~~~~~~~~~~~~~~~~~~~~~~~~~~~~~~~~~~~~~~~~~~~~~~~~~~
    + CategoryInfo          : NotSpecified: ((node:18820) Ex...nge at any time:String) [], RemoteException
    + FullyQualifiedErrorId : NativeCommandError
 
(Use `node --trace-warnings ...` to show where the warning was created)
2026-01-16 14:45:09 [[31merror[39m] [31m≡ƒÜ¿ DETECTED LEAKED SECRET [Private Key (RSA/PEM)] in https://example.com/app.js[39m
PASS tests/services/LinkChecker.test.ts
  LinkChecker
    Service interface
      ΓêÜ should have checkLinks method (15 ms)
    LinkCheckResult type
      ΓêÜ should define valid LinkCheckResult structure (4 ms)
    ValidatedLink type
      ΓêÜ should define valid ValidatedLink structure with parentUrl (2 ms)
      ΓêÜ should track broken link status codes (1 ms)
      ΓêÜ should handle server error status codes (12 ms)
    Result structure validation
      ΓêÜ should handle empty result (20 ms)
      ΓêÜ should track multiple broken links (1 ms)
      ΓêÜ should include successful links in checkedLinks
    HTTP status codes
      ΓêÜ should recognize success status (200)
      ΓêÜ should recognize client error status (404)
      ΓêÜ should recognize server error status (5xx)
    Relative URLs
      ΓêÜ should handle relative URL construction (1 ms)
      ΓêÜ should handle relative path traversal (1 ms)
    Link limits
      ΓêÜ should define link count constant (2 ms)

2026-01-16 14:45:09 [[31merror[39m] [31m≡ƒÜ¿ DETECTED LEAKED SECRET [Hardcoded JWT] in https://example.com/app.js[39m
2026-01-16 14:45:09 [[31merror[39m] [31m≡ƒÜ¿ DETECTED LEAKED SECRET [AWS Access Key] in https://example.com/app.js[39m
2026-01-16 14:45:09 [[31merror[39m] [31m≡ƒÜ¿ DETECTED LEAKED SECRET [Stripe Live Secret Key] in https://example.com/app.js[39m
2026-01-16 14:45:09 [[31merror[39m] [31m≡ƒÜ¿ DETECTED LEAKED SECRET [GitHub Token] in https://example.com/app.js[39m
(node:18896) ExperimentalWarning: VM Modules is an experimental feature and might change at any time
(Use `node --trace-warnings ...` to show where the warning was created)
2026-01-16 14:45:09 [[31merror[39m] [31m≡ƒÜ¿ DETECTED LEAKED SECRET [AWS Access Key] in https://example.com/app.js[39m
PASS tests/services/AssetValidator.test.ts
  AssetValidator
    Service interface
      ΓêÜ should have check method (31 ms)
    AssetCheckResult type
      ΓêÜ should define AssetCheckResult with brokenImages array (1 ms)
      ΓêÜ should handle empty brokenImages (15 ms)
    Result structure
      ΓêÜ should track total image count (1 ms)
      ΓêÜ should support image URLs in brokenImages (1 ms)

2026-01-16 14:45:09 [[31merror[39m] [31m≡ƒÜ¿ DETECTED LEAKED SECRET [AWS Access Key] in https://example.com/js/bundle.min.js[39m
(node:27096) ExperimentalWarning: VM Modules is an experimental feature and might change at any time
(Use `node --trace-warnings ...` to show where the warning was created)
PASS tests/services/SEOValidator.test.ts
  SEOValidator
    Service interface
      ΓêÜ should have check method (32 ms)
    SEOResult type
      ΓêÜ should define valid SEOResult structure (4 ms)
      ΓêÜ should track missing tags (2 ms)
    Result validation
      ΓêÜ should indicate invalid when tags are missing (7 ms)
      ΓêÜ should support warnings array (5 ms)
      ΓêÜ should track image status (15 ms)
    Metadata structure
      ΓêÜ should store meta tags in object (1 ms)
      ΓêÜ should handle empty meta tags (2 ms)

(node:37180) ExperimentalWarning: VM Modules is an experimental feature and might change at any time
(Use `node --trace-warnings ...` to show where the warning was created)
PASS tests/services/SecretScanner.test.ts
  SecretScanner
    IScanner interface
      ΓêÜ should have correct name (26 ms)
      ΓêÜ should return empty secrets initially (14 ms)
      ΓêÜ should clear secrets (22 ms)
    secret pattern detection
      ΓêÜ should detect AWS access keys (5 ms)
      ΓêÜ should detect GitHub tokens (21 ms)
      ΓêÜ should detect Stripe live secret keys as CRITICAL (10 ms)
      ΓêÜ should detect Stripe test keys as MEDIUM risk (14 ms)
      ΓêÜ should detect Google API keys (10 ms)
      ΓêÜ should detect database connection strings (2 ms)
      ΓêÜ should detect Slack tokens (2 ms)
      ΓêÜ should detect SendGrid API keys (2 ms)
      ΓêÜ should detect private keys (9 ms)
      ΓêÜ should detect hardcoded JWTs (3 ms)
      ΓêÜ should detect multiple secrets in same file (6 ms)
      ΓêÜ should NOT flag common false positives (6 ms)
      ΓêÜ should handle empty content (1 ms)
    secret masking
      ΓêÜ should mask secrets in output (10 ms)
    file URL tracking
      ΓêÜ should record the source file URL (1 ms)
    safe external filtering
      ΓêÜ should identify safe external domains

(node:27424) ExperimentalWarning: VM Modules is an experimental feature and might change at any time
(Use `node --trace-warnings ...` to show where the warning was created)
PASS tests/services/ConsoleMonitor.test.ts
  ConsoleMonitor
    Service interface
      ΓêÜ should have correct name (50 ms)
      ΓêÜ should implement IScanner lifecycle (1 ms)
    ConsoleError type
      ΓêÜ should define ConsoleError interface (1 ms)
    IGNORE_PATTERNS
      ΓêÜ should filter known noise patterns (14 ms)
    Error types
      ΓêÜ should capture error type

(node:47020) ExperimentalWarning: VM Modules is an experimental feature and might change at any time
(Use `node --trace-warnings ...` to show where the warning was created)
FAIL tests/services/PiiScanner.test.ts
  PiiScanner
    Service interface
      ΓêÜ should have correct name (26 ms)
      ΓêÜ should implement IScanner interface (1 ms)
    PiiFinding type
      ΓêÜ should define PiiFinding with required fields (3 ms)
    Pattern validation - SSN
      ├ù should match valid SSN format (7 ms)
      ΓêÜ should NOT match SSN with 000 prefix (7 ms)
      ΓêÜ should NOT match SSN with 666 prefix (2 ms)
      ΓêÜ should NOT match SSN with 9xx prefix (1 ms)
    Pattern validation - Credit Card
      ΓêÜ should match credit card formats (1 ms)
      ΓêÜ should match various card lengths (24 ms)
    Pattern validation - Phone Number
      ├ù should match US phone formats (2 ms)
      ├ù should match phone with +1 prefix (1 ms)

  ΓùÅ PiiScanner ΓÇ║ Pattern validation - SSN ΓÇ║ should match valid SSN format

    expect(received).toBe(expected) // Object.is equality

    Expected: true
    Received: false

    [0m [90m 49 |[39m         it([32m'should match valid SSN format'[39m[33m,[39m () [33m=>[39m {
     [90m 50 |[39m             
expect(ssnPattern[33m.[39mtest([32m'123-45-6789'[39m))[33m.[39mtoBe([36mtrue[39m)[33m;[39m
    [31m[1m>[22m[39m[90m 51 |[39m             
expect(ssnPattern[33m.[39mtest([32m'987-65-4321'[39m))[33m.[39mtoBe([36mtrue[39m)[33m;[39m
     [90m    |[39m                                                    [31m[1m^[22m[39m
     [90m 52 |[39m         })[33m;[39m
     [90m 53 |[39m
     [90m 54 |[39m         it([32m'should NOT match SSN with 000 prefix'[39m[33m,[39m () [33m=>[39m {[0m

      at Object.<anonymous> (tests/services/PiiScanner.test.ts:51:52)

  ΓùÅ PiiScanner ΓÇ║ Pattern validation - Phone Number ΓÇ║ should match US phone formats

    expect(received).toBe(expected) // Object.is equality

    Expected: true
    Received: false

    [0m [90m 85 |[39m
  console.log
    [dotenv@17.2.3] injecting env (0) from .env -- tip: ≡ƒöä add secrets lifecycle management: https://dotenvx.com/ops

      at _log (node_modules/dotenv/lib/main.js:142:11)

     [90m 86 |[39m         it([32m'should match US phone formats'[39m[33m,[39m () [33m=>[39m {
    [31m[1m>[22m[39m[90m 87 |[39m             expect(phonePattern[33m.[39mtest([32m'(555) 
123-4567'[39m))[33m.[39mtoBe([36mtrue[39m)[33m;[39m
     [90m    |[39m                                                         [31m[1m^[22m[39m
     [90m 88 |[39m             
expect(phonePattern[33m.[39mtest([32m'555-123-4567'[39m))[33m.[39mtoBe([36mtrue[39m)[33m;[39m
     [90m 89 |[39m             
expect(phonePattern[33m.[39mtest([32m'555.123.4567'[39m))[33m.[39mtoBe([36mtrue[39m)[33m;[39m
     [90m 90 |[39m         })[33m;[39m[0m

      at Object.<anonymous> (tests/services/PiiScanner.test.ts:87:57)

  ΓùÅ PiiScanner ΓÇ║ Pattern validation - Phone Number ΓÇ║ should match phone with +1 prefix

    expect(received).toBe(expected) // Object.is equality

    Expected: true
    Received: false

  console.log
    [dotenv@17.2.3] injecting env (0) from .env -- tip: ΓÜÖ∩╕Å  suppress all logs with { quiet: true }
    [0m [90m 91 |[39m
     [90m 92 |[39m         it([32m'should match phone with +1 prefix'[39m[33m,[39m () [33m=>[39m {
    [31m[1m>[22m[39m[90m 93 |[39m             expect(phonePattern[33m.[39mtest([32m'+1 
555-123-4567'[39m))[33m.[39mtoBe([36mtrue[39m)[33m;[39m

      at _log (node_modules/dotenv/lib/main.js:142:11)

  console.log
    [CONFIG] Loading environment configuration...
     [90m    |[39m                                                          [31m[1m^[22m[39m
     [90m 94 |[39m             
expect(phonePattern[33m.[39mtest([32m'+1-555-123-4567'[39m))[33m.[39mtoBe([36mtrue[39m)[33m;[39m
     [90m 95 |[39m         })[33m;[39m
     [90m 96 |[39m     })[33m;[39m[0m


      at loadEnvConfig (src/config/env.ts:199:13)

  console.warn
    [CONFIG WARNING] MIN_DELAY_MS (100ms) is below 1000ms.
      at Object.<anonymous> (tests/services/PiiScanner.test.ts:93:58)

(node:6316) ExperimentalWarning: VM Modules is an experimental feature and might change at any time
(Use `node --trace-warnings ...` to show where the warning was created)
PASS tests/services/NetworkSpy.test.ts
  NetworkSpy
    Service interface
    This may trigger WAF rate limiting on the target site.

    [0m [90m 273 |[39m     [90m// Validate delay configuration[39m
      ΓêÜ should have correct name (15 ms)
      ΓêÜ should implement IScanner lifecycle (3 ms)
    NetworkIncident type
      ΓêÜ should define NetworkIncident with required fields (2 ms)
    Incident types
      ΓêÜ should support slow_response type
     [90m 274 |[39m     [36mif[39m (config[33m.[39m[33mMIN_DELAY_MS[39m [33m<[39m [35m1000[39m) {
    [31m[1m>[22m[39m[90m 275 |[39m         console[33m.[39mwarn(
     [90m     |[39m                 [31m[1m^[22m[39m
     [90m 276 |[39m             [32m`[CONFIG WARNING] MIN_DELAY_MS (${config.MIN_DELAY_MS}ms) is below 1000ms.\n`[39m [33m+[39m
      ΓêÜ should support heavy_payload type
      ΓêÜ should support http_error type (1 ms)
    SPY_CONFIG thresholds
      ΓêÜ should define slowThreshold (1 ms)
     [90m 277 |[39m             [32m`This may trigger WAF rate limiting on the target site.`[39m
     [90m 278 |[39m         )[33m;[39m[0m

      at loadEnvConfig (src/config/env.ts:275:17)
      ΓêÜ should define largeSizeThreshold (1 ms)
      at Object.<anonymous> (tests/config/env.test.ts:14:22)

  console.log
    [CONFIG] Configuration loaded successfully
      ΓêÜ should ignore known tracking domains (5 ms)

PASS tests/core/ScannerRegistry.test.ts
  ScannerRegistry
    registration
      ΓêÜ should register a scanner (8 ms)
      ΓêÜ should not register duplicate scanners (4 ms)

      at loadEnvConfig (src/config/env.ts:287:13)

  console.log
    [CONFIG] Target: https://example.com
      ΓêÜ should unregister a scanner (2 ms)
      ΓêÜ should get a registered scanner by name (2 ms)
      ΓêÜ should return undefined for unregistered scanner (1 ms)
    lifecycle dispatching
      ΓêÜ should dispatch onContextCreated to all scanners (4 ms)
      ΓêÜ should dispatch onPageCreated to all scanners (5 ms)
      ΓêÜ should dispatch onClose to all scanners (1 ms)

      at loadEnvConfig (src/config/env.ts:288:13)

  console.log
    [CONFIG] ZAP Proxy: http://localhost:8080

      at loadEnvConfig (src/config/env.ts:289:13)

  console.log
    [CONFIG] Loading environment configuration...
    result retrieval
      ΓêÜ should get results from scanner via getScanner (1 ms)
      ΓêÜ should return undefined for scanner without getResults (1 ms)
    clear all scanners
      ΓêÜ should clear results from all scanners


      at loadEnvConfig (src/config/env.ts:199:13)

  console.warn
    [CONFIG WARNING] MIN_DELAY_MS (100ms) is below 1000ms.
    This may trigger WAF rate limiting on the target site.

    [0m [90m 273 |[39m     [90m// Validate delay configuration[39m
     [90m 274 |[39m     [36mif[39m (config[33m.[39m[33mMIN_DELAY_MS[39m [33m<[39m [35m1000[39m) {
    [31m[1m>[22m[39m[90m 275 |[39m         console[33m.[39mwarn(
     [90m     |[39m                 [31m[1m^[22m[39m
     [90m 276 |[39m             [32m`[CONFIG WARNING] MIN_DELAY_MS (${config.MIN_DELAY_MS}ms) is below 1000ms.\n`[39m [33m+[39m
     [90m 277 |[39m             [32m`This may trigger WAF rate limiting on the target site.`[39m
     [90m 278 |[39m         )[33m;[39m[0m

      at loadEnvConfig (src/config/env.ts:275:17)
      at Object.<anonymous> (tests/config/env.test.ts:22:22)

  console.log
    [CONFIG] Configuration loaded successfully

      at loadEnvConfig (src/config/env.ts:287:13)

  console.log
    [CONFIG] Target: https://example.com

      at loadEnvConfig (src/config/env.ts:288:13)

  console.log
    [CONFIG] ZAP Proxy: http://localhost:8080

      at loadEnvConfig (src/config/env.ts:289:13)

  console.log
    [CONFIG] Loading environment configuration...

      at loadEnvConfig (src/config/env.ts:199:13)

  console.log
    [CONFIG] Loading environment configuration...

      at loadEnvConfig (src/config/env.ts:199:13)

  console.log
    [CONFIG] Loading environment configuration...

      at loadEnvConfig (src/config/env.ts:199:13)

  console.log
    [CONFIG] Loading environment configuration...

      at loadEnvConfig (src/config/env.ts:199:13)

2026-01-16 14:45:09 [[33mwarn[39m] [33mScanner "MockScanner" is already registered. Skipping.[39m
  console.warn
    [CONFIG WARNING] MIN_DELAY_MS (100ms) is below 1000ms.
    This may trigger WAF rate limiting on the target site.

    [0m [90m 273 |[39m     [90m// Validate delay configuration[39m
     [90m 274 |[39m     [36mif[39m (config[33m.[39m[33mMIN_DELAY_MS[39m [33m<[39m [35m1000[39m) {
    [31m[1m>[22m[39m[90m 275 |[39m         console[33m.[39mwarn(
     [90m     |[39m                 [31m[1m^[22m[39m
     [90m 276 |[39m             [32m`[CONFIG WARNING] MIN_DELAY_MS (${config.MIN_DELAY_MS}ms) is below 1000ms.\n`[39m [33m+[39m
     [90m 277 |[39m             [32m`This may trigger WAF rate limiting on the target site.`[39m
     [90m 278 |[39m         )[33m;[39m[0m

      at loadEnvConfig (src/config/env.ts:275:17)
      at getConfig (src/config/env.ts:307:26)
      at Object.<anonymous> (tests/config/env.test.ts:63:23)

  console.log
    [CONFIG] Configuration loaded successfully

      at loadEnvConfig (src/config/env.ts:287:13)

  console.log
    [CONFIG] Target: https://example.com

      at loadEnvConfig (src/config/env.ts:288:13)

  console.log
    [CONFIG] ZAP Proxy: http://localhost:8080

      at loadEnvConfig (src/config/env.ts:289:13)

  console.log
    [CONFIG] Loading environment configuration...

      at loadEnvConfig (src/config/env.ts:199:13)

  console.warn
    [CONFIG WARNING] MIN_DELAY_MS (100ms) is below 1000ms.
    This may trigger WAF rate limiting on the target site.

    [0m [90m 273 |[39m     [90m// Validate delay configuration[39m
     [90m 274 |[39m     [36mif[39m (config[33m.[39m[33mMIN_DELAY_MS[39m [33m<[39m [35m1000[39m) {
    [31m[1m>[22m[39m[90m 275 |[39m         console[33m.[39mwarn(
     [90m     |[39m                 [31m[1m^[22m[39m
     [90m 276 |[39m             [32m`[CONFIG WARNING] MIN_DELAY_MS (${config.MIN_DELAY_MS}ms) is below 1000ms.\n`[39m [33m+[39m
     [90m 277 |[39m             [32m`This may trigger WAF rate limiting on the target site.`[39m
     [90m 278 |[39m         )[33m;[39m[0m

      at loadEnvConfig (src/config/env.ts:275:17)
      at getConfig (src/config/env.ts:307:26)
      at Object.<anonymous> (tests/config/env.test.ts:70:23)

  console.log
    [CONFIG] Configuration loaded successfully

      at loadEnvConfig (src/config/env.ts:287:13)

  console.log
    [CONFIG] Target: https://example.com

      at loadEnvConfig (src/config/env.ts:288:13)

  console.log
    [CONFIG] ZAP Proxy: http://localhost:8080

      at loadEnvConfig (src/config/env.ts:289:13)

  console.log
    [CONFIG] Loading environment configuration...

      at loadEnvConfig (src/config/env.ts:199:13)

  console.warn
    [CONFIG WARNING] MIN_DELAY_MS (100ms) is below 1000ms.
    This may trigger WAF rate limiting on the target site.

    [0m [90m 273 |[39m     [90m// Validate delay configuration[39m
     [90m 274 |[39m     [36mif[39m (config[33m.[39m[33mMIN_DELAY_MS[39m [33m<[39m [35m1000[39m) {
    [31m[1m>[22m[39m[90m 275 |[39m         console[33m.[39mwarn(
     [90m     |[39m                 [31m[1m^[22m[39m
     [90m 276 |[39m             [32m`[CONFIG WARNING] MIN_DELAY_MS (${config.MIN_DELAY_MS}ms) is below 1000ms.\n`[39m [33m+[39m
     [90m 277 |[39m             [32m`This may trigger WAF rate limiting on the target site.`[39m
     [90m 278 |[39m         )[33m;[39m[0m

      at loadEnvConfig (src/config/env.ts:275:17)
      at getConfig (src/config/env.ts:307:26)
      at Object.<anonymous> (tests/config/env.test.ts:72:23)

  console.log
PASS tests/config/env.test.ts
  Environment Configuration
    loadEnvConfig
      ΓêÜ should load required environment variables (36 ms)
      ΓêÜ should load optional variables with defaults (24 ms)
      ΓêÜ should throw error if required variable is missing (31 ms)
      ΓêÜ should throw error if LIVE_URL is invalid URL (10 ms)
      ΓêÜ should throw error if MAX_DELAY < MIN_DELAY (8 ms)
    getConfig (singleton)
    [CONFIG] Configuration loaded successfully

      at loadEnvConfig (src/config/env.ts:287:13)

  console.log
    [CONFIG] Target: https://example.com
      ΓêÜ should return the same instance on multiple calls (17 ms)
      ΓêÜ should return fresh instance after reset (36 ms)
    ENABLE_AI parsing
      ΓêÜ should parse ENABLE_AI as boolean (39 ms)


      at loadEnvConfig (src/config/env.ts:288:13)

  console.log
    [CONFIG] ZAP Proxy: http://localhost:8080

      at loadEnvConfig (src/config/env.ts:289:13)

  console.log
    [CONFIG] Loading environment configuration...

      at loadEnvConfig (src/config/env.ts:199:13)

  console.warn
Test Suites: 1 failed, 8 passed, 9 total
Tests:       3 failed, 87 passed, 90 total
Snapshots:   0 total
Time:        5.641 s
Ran all test suites.
    [CONFIG WARNING] MIN_DELAY_MS (100ms) is below 1000ms.
    This may trigger WAF rate limiting on the target site.

    [0m [90m 273 |[39m     [90m// Validate delay configuration[39m
     [90m 274 |[39m     [36mif[39m (config[33m.[39m[33mMIN_DELAY_MS[39m [33m<[39m [35m1000[39m) {
    [31m[1m>[22m[39m[90m 275 |[39m         console[33m.[39mwarn(
     [90m     |[39m                 [31m[1m^[22m[39m
     [90m 276 |[39m             [32m`[CONFIG WARNING] MIN_DELAY_MS (${config.MIN_DELAY_MS}ms) is below 1000ms.\n`[39m [33m+[39m
     [90m 277 |[39m             [32m`This may trigger WAF rate limiting on the target site.`[39m
     [90m 278 |[39m         )[33m;[39m[0m

      at loadEnvConfig (src/config/env.ts:275:17)
      at getConfig (src/config/env.ts:307:26)
      at Object.<anonymous> (tests/config/env.test.ts:87:14)

  console.log
    [CONFIG] Configuration loaded successfully

      at loadEnvConfig (src/config/env.ts:287:13)

  console.log
    [CONFIG] Target: https://example.com

      at loadEnvConfig (src/config/env.ts:288:13)

  console.log
    [CONFIG] ZAP Proxy: http://localhost:8080

      at loadEnvConfig (src/config/env.ts:289:13)

  console.log
    [CONFIG] Loading environment configuration...

      at loadEnvConfig (src/config/env.ts:199:13)

  console.warn
    [CONFIG WARNING] MIN_DELAY_MS (100ms) is below 1000ms.
    This may trigger WAF rate limiting on the target site.

    [0m [90m 273 |[39m     [90m// Validate delay configuration[39m
     [90m 274 |[39m     [36mif[39m (config[33m.[39m[33mMIN_DELAY_MS[39m [33m<[39m [35m1000[39m) {
    [31m[1m>[22m[39m[90m 275 |[39m         console[33m.[39mwarn(
     [90m     |[39m                 [31m[1m^[22m[39m
     [90m 276 |[39m             [32m`[CONFIG WARNING] MIN_DELAY_MS (${config.MIN_DELAY_MS}ms) is below 1000ms.\n`[39m [33m+[39m
     [90m 277 |[39m             [32m`This may trigger WAF rate limiting on the target site.`[39m
     [90m 278 |[39m         )[33m;[39m[0m

      at loadEnvConfig (src/config/env.ts:275:17)
      at getConfig (src/config/env.ts:307:26)
      at Object.<anonymous> (tests/config/env.test.ts:91:14)

  console.log
    [CONFIG] Configuration loaded successfully

      at loadEnvConfig (src/config/env.ts:287:13)

  console.log
    [CONFIG] Target: https://example.com

      at loadEnvConfig (src/config/env.ts:288:13)

  console.log
    [CONFIG] ZAP Proxy: http://localhost:8080

      at loadEnvConfig (src/config/env.ts:289:13)

  console.log
    [CONFIG] Loading environment configuration...

      at loadEnvConfig (src/config/env.ts:199:13)

  console.warn
    [CONFIG WARNING] MIN_DELAY_MS (100ms) is below 1000ms.
    This may trigger WAF rate limiting on the target site.

    [0m [90m 273 |[39m     [90m// Validate delay configuration[39m
     [90m 274 |[39m     [36mif[39m (config[33m.[39m[33mMIN_DELAY_MS[39m [33m<[39m [35m1000[39m) {
    [31m[1m>[22m[39m[90m 275 |[39m         console[33m.[39mwarn(
     [90m     |[39m                 [31m[1m^[22m[39m
     [90m 276 |[39m             [32m`[CONFIG WARNING] MIN_DELAY_MS (${config.MIN_DELAY_MS}ms) is below 1000ms.\n`[39m [33m+[39m
     [90m 277 |[39m             [32m`This may trigger WAF rate limiting on the target site.`[39m
     [90m 278 |[39m         )[33m;[39m[0m

      at loadEnvConfig (src/config/env.ts:275:17)
      at getConfig (src/config/env.ts:307:26)
      at Object.<anonymous> (tests/config/env.test.ts:95:14)

  console.log
    [CONFIG] Configuration loaded successfully

      at loadEnvConfig (src/config/env.ts:287:13)

  console.log
    [CONFIG] Target: https://example.com

      at loadEnvConfig (src/config/env.ts:288:13)

  console.log
    [CONFIG] ZAP Proxy: http://localhost:8080

      at loadEnvConfig (src/config/env.ts:289:13)

